// Jest Snapshot v1, https://goo.gl/fbAQLP

exports[`matches snapshot 1`] = `
<DocumentFragment>
  <div>
    <h2>
      Admin Login
    </h2>
    <form
      class=""
    >
      <div
        class="form-group"
      >
        <input
          class="form-control"
          name="id"
          placeholder="ID"
          required=""
          type="text"
        />
      </div>
      <div
        class="form-group"
      >
        <input
          class="form-control"
          name="password"
          placeholder="Password"
          required=""
          type="text"
        />
      </div>
      <button
        class="btn btn-secondary"
      >
        Submit
      </button>
    </form>
  </div>
</DocumentFragment>
`;
