// Jest Snapshot v1, https://goo.gl/fbAQLP

exports[`matches snapshot 1`] = `
<DocumentFragment>
  <div>
    <h2>
      Sign up for updates about our company!
    </h2>
    <form
      class=""
    >
      <div
        class="form-group"
      >
        <input
          class="form-control"
          name="firstName"
          placeholder="First name"
          required=""
          type="text"
        />
      </div>
      <div
        class="form-group"
      >
        <input
          class="form-control"
          name="lastName"
          placeholder="Last name"
          required=""
          type="text"
        />
      </div>
      <div
        class="form-group"
      >
        <input
          class="form-control"
          name="email"
          placeholder="Email"
          required=""
          type="text"
        />
      </div>
      <button
        class="btn btn-secondary"
      >
        Sign up
      </button>
    </form>
  </div>
</DocumentFragment>
`;
