// Jest Snapshot v1, https://goo.gl/fbAQLP

exports[`matches snapshot 1`] = `
<DocumentFragment>
  <div
    class="row justify-content-center mt-5"
  >
    <div
      class="card col-md-6"
    >
      <form
        class="card-body text-left"
      >
        <div
          class="form-row"
        >
          <div
            class="form-group col-md-6"
          >
            <label
              for="intput-first-name"
            >
              First Name
            </label>
            <input
              class="form-control"
              id="intput-first-name"
              name="firstName"
              type="text"
              value=""
            />
          </div>
          <div
            class="form-group col-md-6"
          >
            <label
              for="intput-last-name"
            >
              Last Name
            </label>
            <input
              class="form-control"
              id="intput-last-name"
              name="lastName"
              type="text"
              value=""
            />
          </div>
        </div>
        <div
          class="form-group"
        >
          <label
            for="input-email"
          >
            Email
          </label>
          <input
            class="form-control"
            id="input-email"
            name="email"
            type="text"
            value=""
          />
        </div>
        <button
          class="btn btn-primary btn-block"
          disabled=""
          type="submit"
        >
          Sign up
        </button>
      </form>
    </div>
  </div>
</DocumentFragment>
`;
